src/themes/legacy-reader/control-panel.vue(265,27): error TS2322: Type 'Promise<void | NavigationFailure>' is not assignable to type 'void | Promise<void>'.
  Type 'Promise<void | NavigationFailure>' is not assignable to type 'Promise<void>'.
    Type 'void | NavigationFailure' is not assignable to type 'void'.
      Type 'NavigationFailure' is not assignable to type 'void'.
src/themes/legacy-reader/control-panel.vue(275,5): error TS2322: Type 'Promise<void | NavigationFailure>' is not assignable to type 'void | Promise<void>'.
  Type 'Promise<void | NavigationFailure>' is not assignable to type 'Promise<void>'.
    Type 'void | NavigationFailure' is not assignable to type 'void'.
      Type 'NavigationFailure' is not assignable to type 'void'.
src/themes/theme-a/pages/bookmark.vue(12,18): error TS2339: Property 'bookmarkId' does not exist on type 'any[]'.
src/themes/theme-a/pages/bookmark.vue(29,31): error TS2339: Property 'length' does not exist on type '{ value: any[]; }'.
src/themes/theme-a/pages/chapter-list.vue(20,18): error TS2339: Property 'chapterId' does not exist on type 'any[]'.
src/themes/theme-a/pages/chapter-list.vue(23,28): error TS2345: Argument of type 'string' is not assignable to parameter of type 'number'.
src/themes/theme-a/pages/chapter-list.vue(27,33): error TS2339: Property 'length' does not exist on type '{ value: any[]; }'.
src/themes/theme-a/pages/collect.vue(22,24): error TS2339: Property 'collectId' does not exist on type 'any[]'.
src/themes/theme-a/pages/collect.vue(27,76): error TS2339: Property 'mangaId' does not exist on type 'any[]'.
src/themes/theme-a/pages/collect.vue(27,104): error TS2339: Property 'mangaCover' does not exist on type 'any[]'.
src/themes/theme-a/pages/collect.vue(28,47): error TS2339: Property 'mangaName' does not exist on type 'any[]'.
src/themes/theme-a/pages/collect.vue(35,24): error TS2339: Property 'collectId' does not exist on type 'any[]'.
src/themes/theme-a/pages/collect.vue(47,33): error TS2339: Property 'length' does not exist on type '{ value: any[]; }'.
src/themes/theme-a/pages/history.vue(12,18): error TS2339: Property 'chapterId' does not exist on type 'any[]'.
src/themes/theme-a/pages/history.vue(29,31): error TS2339: Property 'length' does not exist on type '{ value: any[]; }'.
src/themes/theme-b/pages/bookmark.vue(12,18): error TS2339: Property 'bookmarkId' does not exist on type 'any[]'.
src/themes/theme-b/pages/bookmark.vue(29,32): error TS2339: Property 'length' does not exist on type '{ value: any[]; }'.
src/themes/theme-b/pages/chapter-list.vue(27,45): error TS2339: Property 'formatDate' does not exist on type 'CreateComponentPublicInstanceWithMixins<ToResolvedProps<{}, {}>, { TCover: __VLS_WithSlots<DefineComponent<__VLS_Props, {}, {}, {}, {}, ComponentOptionsMixin, ComponentOptionsMixin, ... 12 more ..., any>, { ...; }>; ... 8 more ...; goRead: (chapter: any) => void; }, ... 23 more ..., {}>'.
src/themes/theme-b/pages/chapter-list.vue(89,32): error TS2339: Property 'get_info' does not exist on type '{ get(mediaId: number, page: number, pageSize: number, order?: string, keyWord?: string): Promise<any>; get_by_tags(tagIds: string, page: number, pageSize: number, order?: string): Promise<any>; ... 10 more ...; compress_delete(mangaId: number): Promise<...>; }'.
src/themes/theme-b/pages/chapter-list.vue(99,53): error TS2554: Expected 1 arguments, but got 3.
src/themes/theme-b/pages/chapter-list.vue(100,43): error TS2339: Property 'data' does not exist on type '{ list: []; count: number; }'.
src/themes/theme-b/pages/chapter-list.vue(109,34): error TS2554: Expected 2 arguments, but got 1.
src/themes/theme-b/pages/chapter-list.vue(121,24): error TS2339: Property 'add' does not exist on type '{ get(mangaType: string, page: number, pageSize: number, order: string): Promise<any>; is_collect(collectType: string, targetId: number): Promise<any>; remove_collect(collectType: string, targetId: number): Promise<...>; add_collect(data: any): Promise<...>; add_chapter_collect(collectType: string, chapterId: number...'.
src/themes/theme-b/pages/chapter-list.vue(123,24): error TS2339: Property 'remove' does not exist on type '{ get(mangaType: string, page: number, pageSize: number, order: string): Promise<any>; is_collect(collectType: string, targetId: number): Promise<any>; remove_collect(collectType: string, targetId: number): Promise<...>; add_collect(data: any): Promise<...>; add_chapter_collect(collectType: string, chapterId: number...'.
src/themes/theme-b/pages/collect.vue(13,48): error TS2339: Property 'collectId' does not exist on type 'any[]'.
src/themes/theme-b/pages/collect.vue(14,76): error TS2339: Property 'mangaId' does not exist on type 'any[]'.
src/themes/theme-b/pages/collect.vue(14,104): error TS2339: Property 'mangaCover' does not exist on type 'any[]'.
src/themes/theme-b/pages/collect.vue(15,47): error TS2339: Property 'mangaName' does not exist on type 'any[]'.
src/themes/theme-b/pages/collect.vue(22,24): error TS2339: Property 'collectId' does not exist on type 'any[]'.
src/themes/theme-b/pages/collect.vue(25,26): error TS2339: Property 'mangaName' does not exist on type 'any[]'.
src/themes/theme-b/pages/collect.vue(26,24): error TS2339: Property 'chapterName' does not exist on type 'any[]'.
src/themes/theme-b/pages/collect.vue(36,34): error TS2339: Property 'length' does not exist on type '{ value: any[]; }'.
src/themes/theme-b/pages/history.vue(12,18): error TS2339: Property 'chapterId' does not exist on type 'any[]'.
src/themes/theme-b/pages/history.vue(29,32): error TS2339: Property 'length' does not exist on type '{ value: any[]; }'.
src/themes/theme-d/pages/bookmark.vue(13,18): error TS2339: Property 'bookmarkId' does not exist on type 'any[]'.
src/themes/theme-d/pages/bookmark.vue(30,47): error TS2339: Property 'length' does not exist on type '{ value: any[]; }'.
src/themes/theme-d/pages/collect.vue(13,64): error TS2339: Property 'collectId' does not exist on type 'any[]'.
src/themes/theme-d/pages/collect.vue(14,76): error TS2339: Property 'mangaId' does not exist on type 'any[]'.
src/themes/theme-d/pages/collect.vue(14,104): error TS2339: Property 'mangaCover' does not exist on type 'any[]'.
src/themes/theme-d/pages/collect.vue(15,48): error TS2339: Property 'mangaName' does not exist on type 'any[]'.
src/themes/theme-d/pages/collect.vue(22,24): error TS2339: Property 'collectId' does not exist on type 'any[]'.
src/themes/theme-d/pages/collect.vue(25,26): error TS2339: Property 'mangaName' does not exist on type 'any[]'.
src/themes/theme-d/pages/collect.vue(26,24): error TS2339: Property 'chapterName' does not exist on type 'any[]'.
src/themes/theme-d/pages/collect.vue(36,49): error TS2339: Property 'length' does not exist on type '{ value: any[]; }'.
src/themes/theme-d/pages/history.vue(13,18): error TS2339: Property 'chapterId' does not exist on type 'any[]'.
src/themes/theme-d/pages/history.vue(30,47): error TS2339: Property 'length' does not exist on type '{ value: any[]; }'.
src/type/api.ts(358,10): error TS2484: Export declaration conflicts with exported declaration of 'ResType'.
src/type/api.ts(358,19): error TS2484: Export declaration conflicts with exported declaration of 'listParamsType'.
src/views/manga-info/components/manga-tag-box.vue(45,5): error TS2322: Type 'unknown[]' is not assignable to type 'tagItemType[] | { tagId: number; mangaTagId: number; tagName: string; tagColor: string; description: string; checked: boolean; }[]'.
  Type 'unknown[]' is not assignable to type 'tagItemType[]'.
    Type '{}' is missing the following properties from type 'tagItemType': tagId, mangaTagId, tagName, tagColor, and 2 more.
src/views/parent-path-list/index.vue(43,2): error TS2322: Type 'unknown[]' is not assignable to type 'mangaType[] | { mediaId: number; mangaId?: number; mangaName: string; title?: string; author: string; browseType?: string; publishDate: string; createTime: string; updateTime: string; ... 8 more ...; media?: { ...; }; }[]'.
  Type 'unknown[]' is not assignable to type 'mangaType[]'.
    Type '{}' is missing the following properties from type 'mangaType': mediaId, mangaName, author, publishDate, and 5 more.
src/views/ui-preview/mock.ts(81,77): error TS2322: Type 'string[]' is not assignable to type '[string, string]'.
  Target requires 2 element(s) but source may have fewer.
src/views/ui-preview/mock.ts(82,70): error TS2322: Type 'string[]' is not assignable to type '[string, string]'.
  Target requires 2 element(s) but source may have fewer.
src/views/ui-preview/mock.ts(83,72): error TS2322: Type 'string[]' is not assignable to type '[string, string]'.
  Target requires 2 element(s) but source may have fewer.
src/views/ui-preview/mock.ts(84,70): error TS2322: Type 'string[]' is not assignable to type '[string, string]'.
  Target requires 2 element(s) but source may have fewer.
src/views/ui-preview/mock.ts(85,72): error TS2322: Type 'string[]' is not assignable to type '[string, string]'.
  Target requires 2 element(s) but source may have fewer.
src/views/ui-preview/mock.ts(86,68): error TS2322: Type 'string[]' is not assignable to type '[string, string]'.
  Target requires 2 element(s) but source may have fewer.
src/views/ui-preview/mock.ts(90,71): error TS2322: Type 'string[]' is not assignable to type '[string, string]'.
  Target requires 2 element(s) but source may have fewer.
src/views/ui-preview/mock.ts(91,71): error TS2322: Type 'string[]' is not assignable to type '[string, string]'.
  Target requires 2 element(s) but source may have fewer.
src/views/ui-preview/mock.ts(92,68): error TS2322: Type 'string[]' is not assignable to type '[string, string]'.
  Target requires 2 element(s) but source may have fewer.
src/views/ui-preview/mock.ts(93,70): error TS2322: Type 'string[]' is not assignable to type '[string, string]'.
  Target requires 2 element(s) but source may have fewer.
src/views/ui-preview/mock.ts(94,70): error TS2322: Type 'string[]' is not assignable to type '[string, string]'.
  Target requires 2 element(s) but source may have fewer.
src/views/ui-preview/mock.ts(95,68): error TS2322: Type 'string[]' is not assignable to type '[string, string]'.
  Target requires 2 element(s) but source may have fewer.
src/views/ui-preview/mock.ts(96,73): error TS2322: Type 'string[]' is not assignable to type '[string, string]'.
  Target requires 2 element(s) but source may have fewer.
src/views/ui-preview/mock.ts(97,72): error TS2322: Type 'string[]' is not assignable to type '[string, string]'.
  Target requires 2 element(s) but source may have fewer.
src/views/ui-preview/mock.ts(98,70): error TS2322: Type 'string[]' is not assignable to type '[string, string]'.
  Target requires 2 element(s) but source may have fewer.
src/views/ui-preview/mock.ts(99,68): error TS2322: Type 'string[]' is not assignable to type '[string, string]'.
  Target requires 2 element(s) but source may have fewer.
src/views/ui-preview/mock.ts(100,73): error TS2322: Type 'string[]' is not assignable to type '[string, string]'.
  Target requires 2 element(s) but source may have fewer.
src/views/ui-preview/mock.ts(101,71): error TS2322: Type 'string[]' is not assignable to type '[string, string]'.
  Target requires 2 element(s) but source may have fewer.
